Archive member included because of file (symbol)

c:/software/electronica/arm/eclipsearm/sourcery-g++-lite-arm-2011.03/bin/../lib/gcc/arm-none-eabi/4.5.2\libgcc.a(_divsi3.o)
                              ./commonEclipse/44blib.o (__aeabi_idiv)
c:/software/electronica/arm/eclipsearm/sourcery-g++-lite-arm-2011.03/bin/../lib/gcc/arm-none-eabi/4.5.2\libgcc.a(_dvmd_tls.o)
                              c:/software/electronica/arm/eclipsearm/sourcery-g++-lite-arm-2011.03/bin/../lib/gcc/arm-none-eabi/4.5.2\libgcc.a(_divsi3.o) (__aeabi_idiv0)

Allocating common symbols
Common symbol       size              file

led_state           0x4               ./led.o
fileSize            0x4               ./commonEclipse/44blib.o
key                 0x4               ./keyboard.o
downPt              0x4               ./commonEclipse/44blib.o

Memory Configuration

Name             Origin             Length             Attributes
*default*        0x00000000         0xffffffff

Linker script and memory map

LOAD ./commonEclipse/44binit.o
LOAD ./commonEclipse/44blib.o
LOAD ./8led.o
LOAD ./init.o
LOAD ./keyboard.o
LOAD ./led.o
LOAD ./main.o
LOAD ./timer.o
START GROUP
LOAD c:/software/electronica/arm/eclipsearm/sourcery-g++-lite-arm-2011.03/bin/../lib/gcc/arm-none-eabi/4.5.2\libgcc.a
LOAD c:/software/electronica/arm/eclipsearm/sourcery-g++-lite-arm-2011.03/bin/../lib/gcc/arm-none-eabi/4.5.2/../../../../arm-none-eabi/lib\libc.a
END GROUP
                0x0c000000                . = 0xc000000
                0x0c000000                Image_RO_Base = .

.text           0x0c000000     0x1358
 *(.text)
 .text          0x0c000000      0x70c ./commonEclipse/44binit.o
 .text          0x0c00070c      0x45c ./commonEclipse/44blib.o
                0x0c00070c                Delay
                0x0c000844                DelayMs
                0x0c0008a8                Port_Init
                0x0c000a38                malloc
                0x0c000ad8                free
                0x0c000b08                sys_init
 .text          0x0c000b68       0x60 ./8led.o
                0x0c000b68                D8Led_init
                0x0c000b8c                D8Led_symbol
 .text          0x0c000bc8       0x1c ./init.o
                0x0c000bc8                start
 .text          0x0c000be4      0x284 ./keyboard.o
                0x0c000be4                keyboard_init
                0x0c000ca8                KeyboardInt
                0x0c000d28                key_read
 .text          0x0c000e68      0x230 ./led.o
                0x0c000e68                leds_on
                0x0c000e88                leds_off
                0x0c000ea8                led1_on
                0x0c000ee8                led1_off
                0x0c000f28                led2_on
                0x0c000f68                led2_off
                0x0c000fa8                leds_switch
                0x0c000fe8                Led_Display
 .text          0x0c001098       0x30 ./main.o
                0x0c001098                Main
 .text          0x0c0010c8      0x144 ./timer.o
                0x0c0010c8                timer_init
                0x0c0011d8                timer_ISR
 .text          0x0c00120c      0x148 c:/software/electronica/arm/eclipsearm/sourcery-g++-lite-arm-2011.03/bin/../lib/gcc/arm-none-eabi/4.5.2\libgcc.a(_divsi3.o)
                0x0c00120c                __divsi3
                0x0c00120c                __aeabi_idiv
                0x0c001334                __aeabi_idivmod
 .text          0x0c001354        0x4 c:/software/electronica/arm/eclipsearm/sourcery-g++-lite-arm-2011.03/bin/../lib/gcc/arm-none-eabi/4.5.2\libgcc.a(_dvmd_tls.o)
                0x0c001354                __aeabi_idiv0
                0x0c001354                __aeabi_ldiv0
                0x0c001358                Image_RO_Limit = .
                0x0c001358                Image_RW_Base = .

.glue_7         0x0c001358        0x0
 .glue_7        0x00000000        0x0 linker stubs

.glue_7t        0x0c001358        0x0
 .glue_7t       0x00000000        0x0 linker stubs

.vfp11_veneer   0x0c001358        0x0
 .vfp11_veneer  0x00000000        0x0 linker stubs

.v4_bx          0x0c001358        0x0
 .v4_bx         0x00000000        0x0 linker stubs

.data           0x0c001358       0x58
 *(.data)
 .data          0x0c001358        0x6 ./commonEclipse/44binit.o
                0x0c001358                BDRAMTYPE
 *fill*         0x0c00135e        0x2 00
 .data          0x0c001360        0xc ./commonEclipse/44blib.o
                0x0c001360                mallocPt
                0x0c001364                run
 .data          0x0c00136c       0x40 ./8led.o
                0x0c00136c                Symbol
 .data          0x0c0013ac        0x0 ./init.o
 .data          0x0c0013ac        0x4 ./keyboard.o
                0x0c0013ac                keyboard_base
 .data          0x0c0013b0        0x0 ./led.o
 .data          0x0c0013b0        0x0 ./main.o
 .data          0x0c0013b0        0x0 ./timer.o
 .data          0x0c0013b0        0x0 c:/software/electronica/arm/eclipsearm/sourcery-g++-lite-arm-2011.03/bin/../lib/gcc/arm-none-eabi/4.5.2\libgcc.a(_divsi3.o)
 .data          0x0c0013b0        0x0 c:/software/electronica/arm/eclipsearm/sourcery-g++-lite-arm-2011.03/bin/../lib/gcc/arm-none-eabi/4.5.2\libgcc.a(_dvmd_tls.o)

.rodata         0x0c0013b0        0x4
 *(.rodata)
 .rodata        0x0c0013b0        0x4 ./keyboard.o
                0x0c0013b4                Image_RW_Limit = .
                0x0c0013b4                Image_ZI_Base = .

.bss            0x0c0013b4       0x14
 *(.bss)
 .bss           0x0c0013b4        0x0 ./commonEclipse/44binit.o
 .bss           0x0c0013b4        0x4 ./commonEclipse/44blib.o
                0x0c0013b4                restart
 .bss           0x0c0013b8        0x0 ./8led.o
 .bss           0x0c0013b8        0x0 ./init.o
 .bss           0x0c0013b8        0x0 ./keyboard.o
 .bss           0x0c0013b8        0x0 ./led.o
 .bss           0x0c0013b8        0x0 ./main.o
 .bss           0x0c0013b8        0x0 ./timer.o
 .bss           0x0c0013b8        0x0 c:/software/electronica/arm/eclipsearm/sourcery-g++-lite-arm-2011.03/bin/../lib/gcc/arm-none-eabi/4.5.2\libgcc.a(_divsi3.o)
 .bss           0x0c0013b8        0x0 c:/software/electronica/arm/eclipsearm/sourcery-g++-lite-arm-2011.03/bin/../lib/gcc/arm-none-eabi/4.5.2\libgcc.a(_dvmd_tls.o)
 COMMON         0x0c0013b8        0x8 ./commonEclipse/44blib.o
                0x0c0013b8                fileSize
                0x0c0013bc                downPt
 COMMON         0x0c0013c0        0x4 ./keyboard.o
                0x0c0013c0                key
 COMMON         0x0c0013c4        0x4 ./led.o
                0x0c0013c4                led_state
                0x0c0013c8                Image_ZI_Limit = .
                0x0c0013c8                __bss_start__ = .
                0x0c0013c8                __bss_end__ = .
                0x0c0013c8                __EH_FRAME_BEGIN__ = .
                0x0c0013c8                __EH_FRAME_END__ = .
                0x0c0013c8                PROVIDE (__stack, .)
                0x0c0013c8                end = .
                0x0c0013c8                _end = .

.ARM.attributes
                0x00000000       0x2e
 .ARM.attributes
                0x00000000       0x22 ./commonEclipse/44binit.o
 .ARM.attributes
                0x00000022       0x32 ./commonEclipse/44blib.o
 .ARM.attributes
                0x00000054       0x32 ./8led.o
 .ARM.attributes
                0x00000086       0x22 ./init.o
 .ARM.attributes
                0x000000a8       0x32 ./keyboard.o
 .ARM.attributes
                0x000000da       0x32 ./led.o
 .ARM.attributes
                0x0000010c       0x32 ./main.o
 .ARM.attributes
                0x0000013e       0x32 ./timer.o
 .ARM.attributes
                0x00000170       0x1a c:/software/electronica/arm/eclipsearm/sourcery-g++-lite-arm-2011.03/bin/../lib/gcc/arm-none-eabi/4.5.2\libgcc.a(_divsi3.o)
 .ARM.attributes
                0x0000018a       0x18 c:/software/electronica/arm/eclipsearm/sourcery-g++-lite-arm-2011.03/bin/../lib/gcc/arm-none-eabi/4.5.2\libgcc.a(_dvmd_tls.o)

.comment        0x00000000       0x2a
 .comment       0x00000000       0x2a ./commonEclipse/44blib.o
                                 0x2b (size before relaxing)
 .comment       0x00000000       0x2b ./8led.o
 .comment       0x00000000       0x2b ./keyboard.o
 .comment       0x00000000       0x2b ./led.o
 .comment       0x00000000       0x2b ./main.o
 .comment       0x00000000       0x2b ./timer.o

.debug_info     0x00000000      0x6d4
 *(.debug_info)
 .debug_info    0x00000000       0x82 ./commonEclipse/44binit.o
 .debug_info    0x00000082      0x229 ./commonEclipse/44blib.o
 .debug_info    0x000002ab       0xa4 ./8led.o
 .debug_info    0x0000034f       0x71 ./init.o
 .debug_info    0x000003c0      0x130 ./keyboard.o
 .debug_info    0x000004f0      0x104 ./led.o
 .debug_info    0x000005f4       0x8c ./main.o
 .debug_info    0x00000680       0x54 ./timer.o

.debug_line     0x00000000      0xba7
 *(.debug_line)
 .debug_line    0x00000000      0x116 ./commonEclipse/44binit.o
 .debug_line    0x00000116      0x3d9 ./commonEclipse/44blib.o
 .debug_line    0x000004ef       0xa3 ./8led.o
 .debug_line    0x00000592       0x3d ./init.o
 .debug_line    0x000005cf       0xe2 ./keyboard.o
 .debug_line    0x000006b1       0xbf ./led.o
 .debug_line    0x00000770      0x386 ./main.o
 .debug_line    0x00000af6       0xb1 ./timer.o

.debug_abbrev   0x00000000      0x3c0
 *(.debug_abbrev)
 .debug_abbrev  0x00000000       0x14 ./commonEclipse/44binit.o
 .debug_abbrev  0x00000014      0x11f ./commonEclipse/44blib.o
 .debug_abbrev  0x00000133       0x9b ./8led.o
 .debug_abbrev  0x000001ce       0x14 ./init.o
 .debug_abbrev  0x000001e2       0xf6 ./keyboard.o
 .debug_abbrev  0x000002d8       0x7c ./led.o
 .debug_abbrev  0x00000354       0x41 ./main.o
 .debug_abbrev  0x00000395       0x2b ./timer.o

.debug_frame    0x00000000      0x358
 *(.debug_frame)
 .debug_frame   0x00000000       0xd0 ./commonEclipse/44blib.o
 .debug_frame   0x000000d0       0x50 ./8led.o
 .debug_frame   0x00000120       0x7c ./keyboard.o
 .debug_frame   0x0000019c      0x110 ./led.o
 .debug_frame   0x000002ac       0x30 ./main.o
 .debug_frame   0x000002dc       0x5c ./timer.o
 .debug_frame   0x00000338       0x20 c:/software/electronica/arm/eclipsearm/sourcery-g++-lite-arm-2011.03/bin/../lib/gcc/arm-none-eabi/4.5.2\libgcc.a(_divsi3.o)
OUTPUT(Practica2.elf elf32-littlearm)

.debug_aranges  0x00000000      0x100
 .debug_aranges
                0x00000000       0x20 ./commonEclipse/44binit.o
 .debug_aranges
                0x00000020       0x20 ./commonEclipse/44blib.o
 .debug_aranges
                0x00000040       0x20 ./8led.o
 .debug_aranges
                0x00000060       0x20 ./init.o
 .debug_aranges
                0x00000080       0x20 ./keyboard.o
 .debug_aranges
                0x000000a0       0x20 ./led.o
 .debug_aranges
                0x000000c0       0x20 ./main.o
 .debug_aranges
                0x000000e0       0x20 ./timer.o

.debug_macinfo  0x00000000    0x246ba
 .debug_macinfo
                0x00000000     0x82fb ./commonEclipse/44blib.o
 .debug_macinfo
                0x000082fb     0x5567 ./8led.o
 .debug_macinfo
                0x0000d862     0x523c ./keyboard.o
 .debug_macinfo
                0x00012a9e     0x50a3 ./led.o
 .debug_macinfo
                0x00017b41     0x7ad6 ./main.o
 .debug_macinfo
                0x0001f617     0x50a3 ./timer.o

.debug_loc      0x00000000      0x3c8
 .debug_loc     0x00000000      0x108 ./commonEclipse/44blib.o
 .debug_loc     0x00000108       0x58 ./8led.o
 .debug_loc     0x00000160       0x84 ./keyboard.o
 .debug_loc     0x000001e4      0x160 ./led.o
 .debug_loc     0x00000344       0x2c ./main.o
 .debug_loc     0x00000370       0x58 ./timer.o

.debug_pubnames
                0x00000000      0x1fd
 .debug_pubnames
                0x00000000       0x90 ./commonEclipse/44blib.o
 .debug_pubnames
                0x00000090       0x3d ./8led.o
 .debug_pubnames
                0x000000cd       0x5b ./keyboard.o
 .debug_pubnames
                0x00000128       0x8b ./led.o
 .debug_pubnames
                0x000001b3       0x1b ./main.o
 .debug_pubnames
                0x000001ce       0x2f ./timer.o

.debug_pubtypes
                0x00000000       0x24
 .debug_pubtypes
                0x00000000       0x12 ./commonEclipse/44blib.o
 .debug_pubtypes
                0x00000012       0x12 ./main.o

.debug_str      0x00000000      0x24d
 .debug_str     0x00000000      0x13c ./commonEclipse/44blib.o
                                0x17a (size before relaxing)
 .debug_str     0x0000013c       0x2f ./8led.o
                                 0x84 (size before relaxing)
 .debug_str     0x0000016b       0x4b ./keyboard.o
                                 0xb9 (size before relaxing)
 .debug_str     0x000001b6       0x68 ./led.o
                                 0xb0 (size before relaxing)
 .debug_str     0x0000021e        0xf ./main.o
                                 0xe0 (size before relaxing)
 .debug_str     0x0000022d       0x20 ./timer.o
                                 0x68 (size before relaxing)
